// Jest Snapshot v1, https://goo.gl/fbAQLP

exports[`<ProjectsPage/> snapshot 1`] = `
<div
  data-testid="project-page"
>
  <h1>
    Projects
  </h1>
  <div
    className="center-page"
  >
    <span
      className="spinner primary"
    />
    <p>
      Loading...
    </p>
  </div>
</div>
`;
